[2026-08-05 07:53:26] [INFO] src.collector.cli: 뉴스 수집 시작: source=naver, limit=3
[2026-08-05 07:53:26] [WARNING] src.collector.naver: 네이버 API 요청 실패 (1/3): 401 Client Error: Unauthorized for url: https://openapi.naver.com/v1/search/news.json?query=AI&display=3&start=1&sort=date
[2026-08-05 07:53:26] [WARNING] src.collector.naver: 네이버 API 요청 실패 (2/3): 401 Client Error: Unauthorized for url: https://openapi.naver.com/v1/search/news.json?query=AI&display=3&start=1&sort=date
[2026-08-05 07:53:26] [WARNING] src.collector.naver: 네이버 API 요청 실패 (3/3): 401 Client Error: Unauthorized for url: https://openapi.naver.com/v1/search/news.json?query=AI&display=3&start=1&sort=date
[2026-08-05 07:53:26] [ERROR] src.collector.naver: 네이버 API 요청 최종 실패: params={'query': 'AI', 'display': 3, 'start': 1, 'sort': 'date'}
[2026-08-05 07:53:26] [INFO] src.collector.cli: 수집 완료: 0건 성공, 0건 실패
[2026-08-05 07:53:26] [INFO] src.collector.cli: raw 저장소에 저장 완료
[2026-08-05 08:31:09] [INFO] src.collector.cli: 뉴스 수집 시작: source=naver, limit=5
[2026-08-05 08:31:09] [INFO] src.collector.cli: 수집 완료: 5건 성공, 0건 실패
[2026-08-05 08:31:09] [INFO] src.collector.cli: raw 저장소에 저장 완료
[2026-08-05 09:00:34] [INFO] src.collector.cli: 정제 대상: 5건
[2026-08-05 09:00:34] [INFO] src.collector.cli: 정제 완료: 5건 성공, 0건 스킵
[2026-08-05 09:02:09] [INFO] src.collector.cli: 정제 대상: 0건
[2026-08-05 09:02:09] [INFO] src.collector.cli: 정제 완료: 0건 성공, 0건 스킵
[2026-08-05 09:03:44] [ERROR] src.collector.cli: clean은 현재 --all 옵션만 지원합니다.
[2026-08-05 09:04:34] [ERROR] src.collector.cli: clean은 현재 --all 옵션만 지원합니다.
[2026-08-05 09:34:03] [ERROR] src.collector.cli: clean은 현재 --all 옵션만 지원합니다.
[2026-08-05 09:51:05] [INFO] src.collector.cli: 뉴스 수집 시작: source=naver, limit=5
[2026-08-05 09:51:05] [INFO] src.collector.cli: 수집 완료: 5건 성공, 0건 실패
[2026-08-05 09:51:05] [INFO] src.collector.cli: raw 저장소에 저장 완료
[2026-08-05 09:51:39] [INFO] src.collector.cli: 뉴스 수집 시작: source=naver, limit=5
[2026-08-05 09:51:39] [INFO] src.collector.cli: 수집 완료: 5건 성공, 0건 실패
[2026-08-05 09:51:39] [INFO] src.collector.cli: raw 저장소에 저장 완료
[2026-08-05 12:28:17] [INFO] src.collector.cli: 뉴스 수집 시작: source=naver, limit=5
[2026-08-05 12:28:17] [INFO] src.collector.cli: 수집 완료: 5건 성공, 0건 실패
[2026-08-05 12:28:17] [INFO] src.collector.cli: raw 저장소에 저장 완료
[2026-08-05 12:28:22] [INFO] src.collector.cli: 정제 대상: 5건
[2026-08-05 12:28:22] [INFO] src.collector.cli: 정제 완료: 5건 성공, 0건 스킵
[2026-08-05 12:28:31] [INFO] src.collector.cli: 정제 대상: 0건
[2026-08-05 12:28:31] [INFO] src.collector.cli: 정제 완료: 0건 성공, 0건 스킵
[2026-08-05 12:31:39] [INFO] src.collector.cli: 뉴스 수집 시작: source=naver, limit=20
[2026-08-05 12:31:39] [INFO] src.collector.cli: 수집 완료: 20건 성공, 0건 실패
[2026-08-05 12:31:39] [INFO] src.collector.cli: raw 저장소에 저장 완료
[2026-08-05 12:32:02] [INFO] src.collector.cli: 뉴스 수집 시작: source=naver, limit=20
[2026-08-05 12:32:02] [INFO] src.collector.cli: 수집 완료: 20건 성공, 0건 실패
[2026-08-05 12:32:02] [INFO] src.collector.cli: raw 저장소에 저장 완료
[2026-08-05 12:33:00] [INFO] src.collector.cli: 뉴스 수집 시작: source=naver, limit=5
[2026-08-05 12:33:00] [INFO] src.collector.cli: 수집 완료: 5건 성공, 0건 실패
[2026-08-05 12:33:00] [INFO] src.collector.cli: raw 저장소에 저장 완료
[2026-08-05 12:33:00] [INFO] src.collector.cli: 뉴스 수집 시작: source=naver, limit=20
[2026-08-05 12:33:00] [INFO] src.collector.cli: 수집 완료: 20건 성공, 0건 실패
[2026-08-05 12:33:00] [INFO] src.collector.cli: raw 저장소에 저장 완료
[2026-08-05 12:33:07] [INFO] src.collector.cli: 뉴스 수집 시작: source=naver, limit=3
[2026-08-05 12:33:07] [INFO] src.collector.cli: 수집 완료: 3건 성공, 0건 실패
[2026-08-05 12:33:07] [INFO] src.collector.cli: raw 저장소에 저장 완료
[2026-08-05 12:34:10] [INFO] src.collector.cli: 뉴스 수집 시작: source=naver, limit=3
[2026-08-05 12:34:10] [INFO] src.collector.cli: 수집 완료: 3건 성공, 0건 실패
[2026-08-05 12:34:10] [INFO] src.collector.cli: raw 저장소에 저장 완료
[2026-08-05 12:34:21] [INFO] src.collector.cli: 뉴스 수집 시작: source=naver, limit=3
[2026-08-05 12:34:21] [INFO] src.collector.cli: 수집 완료: 3건 성공, 0건 실패
[2026-08-05 12:34:21] [INFO] src.collector.cli: raw 저장소에 저장 완료
[2026-08-05 12:34:52] [INFO] src.collector.cli: 뉴스 수집 시작: source=naver, limit=3
[2026-08-05 12:34:53] [INFO] src.collector.cli: 수집 완료: 3건 성공, 0건 실패
[2026-08-05 12:34:53] [INFO] src.collector.cli: raw 저장소에 저장 완료
[2026-08-05 12:36:55] [INFO] src.collector.cli: 뉴스 수집 시작: source=naver, limit=5
[2026-08-05 12:36:55] [INFO] src.collector.cli: 수집 완료: 5건 성공, 0건 skip, 0건 실패
[2026-08-05 12:36:55] [INFO] src.collector.cli: raw 저장소에 저장 완료
[2026-08-05 12:36:55] [INFO] src.collector.cli: 뉴스 수집 시작: source=naver, limit=5
[2026-08-05 12:36:55] [INFO] src.collector.cli: 중복 뉴스 skip: http://www.yonhapnewstv.co.kr/news/MYH20260805212819itQ
[2026-08-05 12:36:55] [INFO] src.collector.cli: 중복 뉴스 skip: https://www.pinpointnews.co.kr/news/articleView.html?idxno=474756
[2026-08-05 12:36:55] [INFO] src.collector.cli: 중복 뉴스 skip: https://n.news.naver.com/mnews/article/091/0010275705?sid=104
[2026-08-05 12:36:55] [INFO] src.collector.cli: 중복 뉴스 skip: https://n.news.naver.com/mnews/article/091/0010275706?sid=104
[2026-08-05 12:36:55] [INFO] src.collector.cli: 중복 뉴스 skip: https://n.news.naver.com/mnews/article/091/0010275704?sid=104
[2026-08-05 12:36:55] [INFO] src.collector.cli: 수집 완료: 0건 성공, 5건 skip, 0건 실패
[2026-08-05 12:36:55] [INFO] src.collector.cli: raw 저장소에 저장 완료
[2026-08-05 12:37:07] [INFO] src.collector.cli: 뉴스 수집 시작: source=naver, limit=3
[2026-08-05 12:37:07] [INFO] src.collector.cli: 수집 완료: 3건 성공, 0건 skip, 0건 실패
[2026-08-05 12:37:07] [INFO] src.collector.cli: raw 저장소에 저장 완료
[2026-08-05 12:37:10] [INFO] src.collector.cli: 뉴스 수집 시작: source=naver, limit=3
[2026-08-05 12:37:10] [INFO] src.collector.cli: 중복 뉴스 skip: http://www.newsworker.co.kr/news/articleView.html?idxno=439962
[2026-08-05 12:37:10] [INFO] src.collector.cli: 중복 뉴스 skip: http://www.enewstoday.co.kr/news/articleView.html?idxno=2456435
[2026-08-05 12:37:10] [INFO] src.collector.cli: 중복 뉴스 skip: https://www.idaegu.co.kr/news/articleView.html?idxno=555979
[2026-08-05 12:37:10] [INFO] src.collector.cli: 수집 완료: 0건 성공, 3건 skip, 0건 실패
[2026-08-05 12:37:10] [INFO] src.collector.cli: raw 저장소에 저장 완료
[2026-08-05 12:38:28] [INFO] src.collector.cli: 뉴스 수집 시작: source=naver, limit=3
[2026-08-05 12:38:28] [INFO] src.collector.cli: 중복 뉴스 skip: http://www.newsworker.co.kr/news/articleView.html?idxno=439962
[2026-08-05 12:38:28] [INFO] src.collector.cli: 중복 뉴스 skip: http://www.enewstoday.co.kr/news/articleView.html?idxno=2456435
[2026-08-05 12:38:28] [INFO] src.collector.cli: 중복 뉴스 skip: https://www.idaegu.co.kr/news/articleView.html?idxno=555979
[2026-08-05 12:38:28] [INFO] src.collector.cli: 수집 완료: 0건 성공, 3건 skip, 0건 실패
[2026-08-05 12:38:28] [INFO] src.collector.cli: raw 저장소에 저장 완료
[2026-08-05 12:39:41] [INFO] src.collector.cli: 뉴스 수집 시작: source=naver, limit=5
[2026-08-05 12:39:42] [INFO] src.collector.cli: 수집 완료: 5건 성공, 0건 skip, 0건 실패
[2026-08-05 12:39:42] [INFO] src.collector.cli: raw 저장소에 저장 완료
[2026-08-05 12:39:42] [INFO] src.collector.cli: 뉴스 수집 시작: source=naver, limit=5
[2026-08-05 12:39:42] [INFO] src.collector.cli: 중복 뉴스 skip: https://us.aving.net/news/articleView.html?idxno=54173
[2026-08-05 12:39:42] [INFO] src.collector.cli: 중복 뉴스 skip: http://www.yonhapnewstv.co.kr/news/MYH20260805212819itQ
[2026-08-05 12:39:42] [INFO] src.collector.cli: 중복 뉴스 skip: https://www.pinpointnews.co.kr/news/articleView.html?idxno=474756
[2026-08-05 12:39:42] [INFO] src.collector.cli: 중복 뉴스 skip: https://n.news.naver.com/mnews/article/091/0010275705?sid=104
[2026-08-05 12:39:42] [INFO] src.collector.cli: 중복 뉴스 skip: https://n.news.naver.com/mnews/article/091/0010275706?sid=104
[2026-08-05 12:39:42] [INFO] src.collector.cli: 수집 완료: 0건 성공, 5건 skip, 0건 실패
[2026-08-05 12:39:42] [INFO] src.collector.cli: raw 저장소에 저장 완료
[2026-08-05 12:39:42] [INFO] src.collector.cli: 뉴스 수집 시작: source=naver, limit=3
[2026-08-05 12:39:42] [INFO] src.collector.cli: 수집 완료: 3건 성공, 0건 skip, 0건 실패
[2026-08-05 12:39:42] [INFO] src.collector.cli: raw 저장소에 저장 완료
[2026-08-05 12:40:44] [INFO] src.collector.cli: 뉴스 수집 시작: source=naver, limit=5
[2026-08-05 12:40:45] [INFO] src.collector.cli: 수집 완료: 5건 성공, 0건 skip, 0건 실패
[2026-08-05 12:40:45] [INFO] src.collector.cli: raw 저장소에 저장 완료
[2026-08-05 12:40:45] [INFO] src.collector.cli: 뉴스 수집 시작: source=naver, limit=5
[2026-08-05 12:40:45] [INFO] src.collector.cli: 중복 뉴스 skip: https://us.aving.net/news/articleView.html?idxno=54173
[2026-08-05 12:40:45] [INFO] src.collector.cli: 중복 뉴스 skip: http://www.yonhapnewstv.co.kr/news/MYH20260805212819itQ
[2026-08-05 12:40:45] [INFO] src.collector.cli: 중복 뉴스 skip: https://www.pinpointnews.co.kr/news/articleView.html?idxno=474756
[2026-08-05 12:40:45] [INFO] src.collector.cli: 중복 뉴스 skip: https://n.news.naver.com/mnews/article/091/0010275705?sid=104
[2026-08-05 12:40:45] [INFO] src.collector.cli: 중복 뉴스 skip: https://n.news.naver.com/mnews/article/091/0010275706?sid=104
[2026-08-05 12:40:45] [INFO] src.collector.cli: 수집 완료: 0건 성공, 5건 skip, 0건 실패
[2026-08-05 12:40:45] [INFO] src.collector.cli: raw 저장소에 저장 완료
[2026-08-05 12:40:45] [INFO] src.collector.cli: 뉴스 수집 시작: source=naver, limit=3
[2026-08-05 12:40:45] [INFO] src.collector.cli: 수집 완료: 3건 성공, 0건 skip, 0건 실패
[2026-08-05 12:40:45] [INFO] src.collector.cli: raw 저장소에 저장 완료
[2026-08-05 12:41:39] [INFO] src.collector.cli: 뉴스 수집 시작: source=naver, limit=3
[2026-08-05 12:41:39] [INFO] src.collector.cli: 중복 뉴스 skip: https://www.tokenpost.kr/news/policy/385791
[2026-08-05 12:41:39] [INFO] src.collector.cli: 중복 뉴스 skip: http://www.newsworker.co.kr/news/articleView.html?idxno=439962
[2026-08-05 12:41:39] [INFO] src.collector.cli: 중복 뉴스 skip: http://www.enewstoday.co.kr/news/articleView.html?idxno=2456435
[2026-08-05 12:41:39] [INFO] src.collector.cli: 수집 완료: 0건 성공, 3건 skip, 0건 실패
[2026-08-05 12:41:39] [INFO] src.collector.cli: raw 저장소에 저장 완료
[2026-08-05 12:41:47] [INFO] src.collector.cli: 뉴스 수집 시작: source=naver, limit=3
[2026-08-05 12:41:47] [INFO] src.collector.cli: 중복 뉴스 skip: https://www.tokenpost.kr/news/policy/385791
[2026-08-05 12:41:47] [INFO] src.collector.cli: 중복 뉴스 skip: http://www.newsworker.co.kr/news/articleView.html?idxno=439962
[2026-08-05 12:41:47] [INFO] src.collector.cli: 수집 완료: 1건 성공, 2건 skip, 0건 실패
[2026-08-05 12:41:47] [INFO] src.collector.cli: raw 저장소에 저장 완료
[2026-08-05 12:41:51] [INFO] src.collector.cli: 뉴스 수집 시작: source=naver, limit=3
[2026-08-05 12:41:51] [INFO] src.collector.cli: 중복 뉴스 skip: https://www.edaily.co.kr/news/newspath.asp?newsid=06976566645544368
[2026-08-05 12:41:51] [INFO] src.collector.cli: 중복 뉴스 skip: https://www.tokenpost.kr/news/policy/385791
[2026-08-05 12:41:51] [INFO] src.collector.cli: 중복 뉴스 skip: http://www.newsworker.co.kr/news/articleView.html?idxno=439962
[2026-08-05 12:41:51] [INFO] src.collector.cli: 수집 완료: 0건 성공, 3건 skip, 0건 실패
[2026-08-05 12:41:51] [INFO] src.collector.cli: raw 저장소에 저장 완료
[2026-08-05 12:41:54] [INFO] src.collector.cli: 뉴스 수집 시작: source=naver, limit=3
[2026-08-05 12:41:54] [INFO] src.collector.cli: 중복 뉴스 skip: https://www.edaily.co.kr/news/newspath.asp?newsid=06976566645544368
[2026-08-05 12:41:54] [INFO] src.collector.cli: 중복 뉴스 skip: https://www.tokenpost.kr/news/policy/385791
[2026-08-05 12:41:54] [INFO] src.collector.cli: 중복 뉴스 skip: http://www.newsworker.co.kr/news/articleView.html?idxno=439962
[2026-08-05 12:41:54] [INFO] src.collector.cli: 수집 완료: 0건 성공, 3건 skip, 0건 실패
[2026-08-05 12:41:54] [INFO] src.collector.cli: raw 저장소에 저장 완료
[2026-08-05 12:41:59] [INFO] src.collector.cli: 뉴스 수집 시작: source=naver, limit=3
[2026-08-05 12:41:59] [INFO] src.collector.cli: 수집 완료: 3건 성공, 0건 skip, 0건 실패
[2026-08-05 12:41:59] [INFO] src.collector.cli: raw 저장소에 저장 완료
[2026-08-05 13:05:42] [INFO] src.collector.cli: 뉴스 수집 시작: source=naver, limit=3
[2026-08-05 13:05:42] [INFO] src.collector.cli: 수집 완료: 3건 성공, 0건 skip, 0건 실패
[2026-08-05 13:05:42] [INFO] src.collector.cli: raw 저장소에 저장 완료
[2026-08-05 13:05:53] [INFO] src.collector.cli: 뉴스 수집 시작: source=crawl, limit=3
[2026-08-05 13:05:53] [ERROR] __main__: 실행 중 오류 발생
Traceback (most recent call last):
  File "/home/ec2-user/codyssey-team-project-2B/.venv/lib/python3.12/site-packages/selenium/webdriver/common/driver_finder.py", line 67, in _binary_paths
    output = SeleniumManager().binary_paths(self._to_args())
             ^^^^^^^^^^^^^^^^^^^^^^^^^^^^^^^^^^^^^^^^^^^^^^^
  File "/home/ec2-user/codyssey-team-project-2B/.venv/lib/python3.12/site-packages/selenium/webdriver/common/selenium_manager.py", line 47, in binary_paths
    args = [str(self._get_binary())] + args
                ^^^^^^^^^^^^^^^^^^
  File "/home/ec2-user/codyssey-team-project-2B/.venv/lib/python3.12/site-packages/selenium/webdriver/common/selenium_manager.py", line 117, in _get_binary
    raise WebDriverException(f"Unsupported platform/architecture combination: {sys.platform}/{arch}")
selenium.common.exceptions.WebDriverException: Message: Unsupported platform/architecture combination: linux/aarch64


The above exception was the direct cause of the following exception:

Traceback (most recent call last):
  File "/home/ec2-user/codyssey-team-project-2B/main.py", line 63, in main
    args.func(args)
  File "/home/ec2-user/codyssey-team-project-2B/src/collector/cli.py", line 51, in _run_fetch
    raw_items = fetch_crawled_news(config, limit=args.limit)
                ^^^^^^^^^^^^^^^^^^^^^^^^^^^^^^^^^^^^^^^^^^^^
  File "/home/ec2-user/codyssey-team-project-2B/src/collector/crawl.py", line 39, in fetch_crawled_news
    driver = _build_driver()
             ^^^^^^^^^^^^^^^
  File "/home/ec2-user/codyssey-team-project-2B/src/collector/crawl.py", line 26, in _build_driver
    return webdriver.Chrome(options=options)
           ^^^^^^^^^^^^^^^^^^^^^^^^^^^^^^^^^
  File "/home/ec2-user/codyssey-team-project-2B/.venv/lib/python3.12/site-packages/selenium/webdriver/chrome/webdriver.py", line 45, in __init__
    super().__init__(
  File "/home/ec2-user/codyssey-team-project-2B/.venv/lib/python3.12/site-packages/selenium/webdriver/chromium/webdriver.py", line 50, in __init__
    if finder.get_browser_path():
       ^^^^^^^^^^^^^^^^^^^^^^^^^
  File "/home/ec2-user/codyssey-team-project-2B/.venv/lib/python3.12/site-packages/selenium/webdriver/common/driver_finder.py", line 47, in get_browser_path
    return self._binary_paths()["browser_path"]
           ^^^^^^^^^^^^^^^^^^^^
  File "/home/ec2-user/codyssey-team-project-2B/.venv/lib/python3.12/site-packages/selenium/webdriver/common/driver_finder.py", line 78, in _binary_paths
    raise NoSuchDriverException(msg) from err
selenium.common.exceptions.NoSuchDriverException: Message: Unable to obtain driver for chrome; For documentation on this error, please visit: https://www.selenium.dev/documentation/webdriver/troubleshooting/errors/driver_location

